﻿
> scratch@0.0.0 build
> vite build

[36mvite v7.3.1 [32mbuilding client environment for production...[36m[39m
transforming...
[32mÔ£ô[39m 61 modules transformed.
node.exe : 
[31mÔ£ù[39m Build 
failed in 1.23s
At line:1 char:1
+ & "C:\Program 
Files\nodejs/node.exe" 
"C:\Program 
Files\nodejs/node_mo 
...
+ ~~~~~~~~~~~~~~~~~~~~~
~~~~~~~~~~~~~~~~~~~~~~~
~~~~~~~~~~~~~~~~~~~~~~~
~~
    + CategoryInfo     
         : NotSpecifi  
  ed: ([31mÔ£ù[39m   
  Build failed in 1    
.23s:String) [], R    
emoteException
    + FullyQualifiedEr 
   rorId : NativeComm  
  andError
 
[31merror during 
build:
[31msrc/components/lay
out/BottomNavigation.js
x (6:2): 
"HiClipboardList" is 
not exported by "node_m
odules/react-icons/hi2/
index.mjs", imported 
by "src/components/layo
ut/BottomNavigation.jsx
".[31m
file: [36mC:/Users/del
l/Desktop/Hanoti/src/co
mponents/layout/BottomN
avigation.jsx:6:2[31m
[33m
4:   HiShoppingBag,
5:   HiTruck,
6:   HiClipboardList,
     ^
7:   HiUsers,
8:   
HiExclamationTriangle,
[31m
    at getRollupError (
file:///C:/Users/dell/D
esktop/Hanoti/node_modu
les/rollup/dist/es/shar
ed/parseAst.js:402:41)
    at error (file:///C
:/Users/dell/Desktop/Ha
noti/node_modules/rollu
p/dist/es/shared/parseA
st.js:398:42)
    at Module.error (fi
le:///C:/Users/dell/Des
ktop/Hanoti/node_module
s/rollup/dist/es/shared
/node-entry.js:17040:16
)
    at 
Module.traceVariable (f
ile:///C:/Users/dell/De
sktop/Hanoti/node_modul
es/rollup/dist/es/share
d/node-entry.js:17452:2
9)
    at ModuleScope.find
Variable (file:///C:/Us
ers/dell/Desktop/Hanoti
/node_modules/rollup/di
st/es/shared/node-entry
.js:15070:39)
    at Identifier.bind 
(file:///C:/Users/dell/
Desktop/Hanoti/node_mod
ules/rollup/dist/es/sha
red/node-entry.js:5447:
40)
    at Property.bind (f
ile:///C:/Users/dell/De
sktop/Hanoti/node_modul
es/rollup/dist/es/share
d/node-entry.js:2829:23
)
    at 
ObjectExpression.bind (
file:///C:/Users/dell/D
esktop/Hanoti/node_modu
les/rollup/dist/es/shar
ed/node-entry.js:2825:2
8)
    at 
ArrayExpression.bind (f
ile:///C:/Users/dell/De
sktop/Hanoti/node_modul
es/rollup/dist/es/share
d/node-entry.js:2825:28
)
    at VariableDeclarat
or.bind (file:///C:/Use
rs/dell/Desktop/Hanoti/
node_modules/rollup/dis
t/es/shared/node-entry.
js:2829:23)[39m
